// Jest Snapshot v1, https://goo.gl/fbAQLP

exports[`App renders correctly  1`] = `
ShallowWrapper {
  Symbol(enzyme.__root__): [Circular],
  Symbol(enzyme.__unrendered__): <App />,
  Symbol(enzyme.__renderer__): Object {
    "batchedUpdates": [Function],
    "getNode": [Function],
    "render": [Function],
    "simulateError": [Function],
    "simulateEvent": [Function],
    "unmount": [Function],
  },
  Symbol(enzyme.__node__): Object {
    "instance": null,
    "key": undefined,
    "nodeType": "host",
    "props": Object {
      "children": Array [
        <h2>
          Gifts Giver
        </h2>,
        <div
          className="gifts-list"
        />,
        <button
          className="btn-add"
          onClick={[Function]}
        >
          Add Gifts
        </button>,
      ],
    },
    "ref": null,
    "rendered": Array [
      Object {
        "instance": null,
        "key": undefined,
        "nodeType": "host",
        "props": Object {
          "children": "Gifts Giver",
        },
        "ref": null,
        "rendered": "Gifts Giver",
        "type": "h2",
      },
      Object {
        "instance": null,
        "key": undefined,
        "nodeType": "host",
        "props": Object {
          "children": Array [],
          "className": "gifts-list",
        },
        "ref": null,
        "rendered": Array [],
        "type": "div",
      },
      Object {
        "instance": null,
        "key": undefined,
        "nodeType": "host",
        "props": Object {
          "children": "Add Gifts",
          "className": "btn-add",
          "onClick": [Function],
        },
        "ref": null,
        "rendered": "Add Gifts",
        "type": "button",
      },
    ],
    "type": "div",
  },
  Symbol(enzyme.__nodes__): Array [
    Object {
      "instance": null,
      "key": undefined,
      "nodeType": "host",
      "props": Object {
        "children": Array [
          <h2>
            Gifts Giver
          </h2>,
          <div
            className="gifts-list"
          />,
          <button
            className="btn-add"
            onClick={[Function]}
          >
            Add Gifts
          </button>,
        ],
      },
      "ref": null,
      "rendered": Array [
        Object {
          "instance": null,
          "key": undefined,
          "nodeType": "host",
          "props": Object {
            "children": "Gifts Giver",
          },
          "ref": null,
          "rendered": "Gifts Giver",
          "type": "h2",
        },
        Object {
          "instance": null,
          "key": undefined,
          "nodeType": "host",
          "props": Object {
            "children": Array [],
            "className": "gifts-list",
          },
          "ref": null,
          "rendered": Array [],
          "type": "div",
        },
        Object {
          "instance": null,
          "key": undefined,
          "nodeType": "host",
          "props": Object {
            "children": "Add Gifts",
            "className": "btn-add",
            "onClick": [Function],
          },
          "ref": null,
          "rendered": "Add Gifts",
          "type": "button",
        },
      ],
      "type": "div",
    },
  ],
  Symbol(enzyme.__options__): Object {
    "adapter": ReactSixteenAdapter {
      "options": Object {
        "enableComponentDidUpdateOnSetState": true,
        "lifecycles": Object {
          "componentDidUpdate": Object {
            "onSetState": true,
          },
          "getDerivedStateFromProps": true,
          "getSnapshotBeforeUpdate": true,
          "setState": Object {
            "skipsComponentDidUpdateOnNullish": true,
          },
        },
      },
    },
  },
}
`;
